
15:24:30.076 [info] Loading 146 CA(s) from :otp store

15:24:30.178 [notice] Application next_ls exited: NextLS.Application.start(:normal, []) returned an error: shutdown: failed to start child: NextLS.LSPSupervisor
    ** (EXIT) shutdown: failed to start child: NextLS
        ** (EXIT) an exception was raised:
            ** (ErlangError) Erlang error: :enoent
                (elixir 1.17.3) lib/system.ex:1114: System.cmd("elixir", ["--short-version"], [])
                (next_ls 0.23.4) lib/next_ls.ex:45: NextLS.init/2
                (gen_lsp 0.11.0) lib/gen_lsp.ex:220: GenLSP.init/1
                (stdlib 6.2) proc_lib.erl:329: :proc_lib.init_p_do_apply/3

15:24:32.667 [info] Loading 146 CA(s) from :otp store

15:24:32.741 [notice] Application next_ls exited: NextLS.Application.start(:normal, []) returned an error: shutdown: failed to start child: NextLS.LSPSupervisor
    ** (EXIT) shutdown: failed to start child: NextLS
        ** (EXIT) an exception was raised:
            ** (ErlangError) Erlang error: :enoent
                (elixir 1.17.3) lib/system.ex:1114: System.cmd("elixir", ["--short-version"], [])
                (next_ls 0.23.4) lib/next_ls.ex:45: NextLS.init/2
                (gen_lsp 0.11.0) lib/gen_lsp.ex:220: GenLSP.init/1
                (stdlib 6.2) proc_lib.erl:329: :proc_lib.init_p_do_apply/3

15:24:35.369 [info] Loading 146 CA(s) from :otp store

15:24:35.427 [notice] Application next_ls exited: NextLS.Application.start(:normal, []) returned an error: shutdown: failed to start child: NextLS.LSPSupervisor
    ** (EXIT) shutdown: failed to start child: NextLS
        ** (EXIT) an exception was raised:
            ** (ErlangError) Erlang error: :enoent
                (elixir 1.17.3) lib/system.ex:1114: System.cmd("elixir", ["--short-version"], [])
                (next_ls 0.23.4) lib/next_ls.ex:45: NextLS.init/2
                (gen_lsp 0.11.0) lib/gen_lsp.ex:220: GenLSP.init/1
                (stdlib 6.2) proc_lib.erl:329: :proc_lib.init_p_do_apply/3

15:24:37.983 [info] Loading 146 CA(s) from :otp store

15:24:38.046 [notice] Application next_ls exited: NextLS.Application.start(:normal, []) returned an error: shutdown: failed to start child: NextLS.LSPSupervisor
    ** (EXIT) shutdown: failed to start child: NextLS
        ** (EXIT) an exception was raised:
            ** (ErlangError) Erlang error: :enoent
                (elixir 1.17.3) lib/system.ex:1114: System.cmd("elixir", ["--short-version"], [])
                (next_ls 0.23.4) lib/next_ls.ex:45: NextLS.init/2
                (gen_lsp 0.11.0) lib/gen_lsp.ex:220: GenLSP.init/1
                (stdlib 6.2) proc_lib.erl:329: :proc_lib.init_p_do_apply/3

15:24:40.652 [info] Loading 146 CA(s) from :otp store

15:24:40.719 [notice] Application next_ls exited: NextLS.Application.start(:normal, []) returned an error: shutdown: failed to start child: NextLS.LSPSupervisor
    ** (EXIT) shutdown: failed to start child: NextLS
        ** (EXIT) an exception was raised:
            ** (ErlangError) Erlang error: :enoent
                (elixir 1.17.3) lib/system.ex:1114: System.cmd("elixir", ["--short-version"], [])
                (next_ls 0.23.4) lib/next_ls.ex:45: NextLS.init/2
                (gen_lsp 0.11.0) lib/gen_lsp.ex:220: GenLSP.init/1
                (stdlib 6.2) proc_lib.erl:329: :proc_lib.init_p_do_apply/3
